29/09 12:52:51  Lecture des pages de liste
29/09 12:52:55    SPIE                           9 annonces  (Loire-atlantique)
29/09 12:52:57    SPIE                           0 annonces  (Nantes)
29/09 12:53:00    VINCI                         16 annonces  (Loire-atlantique)
29/09 12:53:02    VINCI                         14 annonces  (Nantes)
29/09 12:53:05    EDF                            5 annonces  (Loire-atlantique)
29/09 12:53:09    EDF                            0 annonces  (Nantes)
29/09 12:53:12    Engie                         12 annonces  (Loire-atlantique)
29/09 12:53:14    Engie                          6 annonces  (Nantes)
29/09 12:53:17    Eiffage                       19 annonces  (Loire-atlantique)
29/09 12:53:19    Eiffage                        0 annonces  (Nantes)
29/09 12:53:21    Bouygues                       6 annonces  (Loire-atlantique)
29/09 12:53:24    Bouygues                       1 annonces  (Nantes)
29/09 12:53:26    Airbus                        10 annonces  (Loire-atlantique)
29/09 12:53:29    Airbus                         1 annonces  (Nantes)
29/09 12:53:31    SNCF                          16 annonces  (Loire-atlantique)
29/09 12:53:34    SNCF                          14 annonces  (Nantes)
29/09 12:53:36    GRDF                           5 annonces  (Loire-atlantique)
29/09 12:53:38    GRDF                           0 annonces  (Nantes)
29/09 12:53:40    NaTran                         0 annonces  (Loire-atlantique)
29/09 12:53:42    NaTran                         0 annonces  (Nantes)
29/09 12:53:45    RTE                            0 annonces  (Loire-atlantique)
29/09 12:53:48    RTE                            0 annonces  (Nantes)
29/09 12:53:51    Naval Group                    2 annonces  (Loire-atlantique)
29/09 12:53:53    Naval Group                    0 annonces  (Nantes)
29/09 12:53:55    Veolia                         3 annonces  (Loire-atlantique)
29/09 12:53:57    Veolia                         3 annonces  (Nantes)
29/09 12:54:00    Suez                           4 annonces  (Loire-atlantique)
29/09 12:54:02    Suez                           4 annonces  (Nantes)
29/09 12:54:02  107 annonces jamais vues
29/09 12:54:04    ecartee : Alternant Conducteur de travaux (44) H/F                niveau but 
29/09 12:54:06    ecartee : Electricien / Electricienne d'équipement (H/F)          metier d'execution (electricien)
29/09 12:54:09    RETENUE : Technicien spécialisé / Technicienne spécialisée CVC (H/F) (SPIE, Saint-Herblain 44800 Pays de la Loire)
29/09 12:54:11    ecartee : Alternant Contrôle de Gestion H/F                       employeur hors perimetre (Spie Batignolles)
29/09 12:54:14    RETENUE : Ingénieur d'affaires (H/F) (SPIE THEPAULT, Saint-Herblain 44800 Pays de la Loire)
29/09 12:54:16    ecartee : Alternance - Negociateur Télécom H/F                    annonce de plus de 30 jours (2026-07-27)
29/09 12:54:18    ecartee : Alternance - Ingénieur Travaux Télécom H/F              annonce de plus de 30 jours (2026-07-27)
29/09 12:54:20    ecartee : Alternance - negociateur télécom h/f - Saint-Herblain - employeur hors perimetre (inconnu)
29/09 12:54:23    ecartee : Alternance - ingénieur travaux télécom h/f - Saint-Herb employeur hors perimetre (inconnu)
29/09 12:54:25    ecartee : Agent d'exploitation F/H                                commune trop loin (ancenis)
29/09 12:54:27    ecartee : Coffreur brancheur / Coffreuse brancheuse BBE (H/F)     metier d'execution (coffreur)
29/09 12:54:29    ecartee : Alternance Bac+3Développeur - Technicien Support Réseau employeur hors perimetre (Sup De Vinci Nantes)
29/09 12:54:31    ecartee : Alternance - Développeur Full Stack - Bac+4 - +5 H/F    employeur hors perimetre (Sup De Vinci Nantes)
29/09 12:54:33    ecartee : Technicien Applications - Alternance Bac+3 H/F          employeur hors perimetre (Sup De Vinci Nantes)
29/09 12:54:35    ecartee : Alternance - Chef de Projet IT - Bac+4 - +5 H/F         employeur hors perimetre (Sup De Vinci Nantes)
29/09 12:54:37    ecartee : Alternance - DevOps Junior - Bac+4 - +5 H/F             employeur hors perimetre (Sup De Vinci Nantes)
29/09 12:54:39    ecartee : Alternant Cybersécurité - Bac+4 - +5 H/F                employeur hors perimetre (Sup De Vinci Nantes)
29/09 12:54:41    ecartee : Alternance - Data Engineer - Bac+4 - +5 H/F             employeur hors perimetre (Sup De Vinci Nantes)
29/09 12:54:43    ecartee : Alternance - Développement d'Applications Métiers et IA employeur hors perimetre (Sup De Vinci Nantes)
29/09 12:54:45    ecartee : Coffreur bancheur en formation F/H                      annonce de plus de 30 jours (2026-08-26)
29/09 12:54:47    ecartee : Chargé de communication option graphisme en alternance  employeur hors perimetre (inconnu)
29/09 12:54:49    ecartee : Alternance - automaticien smart building f/h - Nantes - employeur hors perimetre (inconnu)
29/09 12:54:51    ecartee : Alternance - étude de prix f/h - Nantes - Offre d&#039; employeur hors perimetre (inconnu)
29/09 12:54:53    ecartee : Technicien de maintenance en alternance (nantes) f/h -  employeur hors perimetre (inconnu)
29/09 12:54:55    ecartee : Alternant maçon f/h - Nantes - Offre d&#039;emploi Sept employeur hors perimetre (inconnu)
29/09 12:54:57    ecartee : Alternant Monteur Câbleur (Jeumont Electric) F/H        commune hors Nantes (Pays de la Loire)
29/09 12:54:59    ecartee : Alternant Ajusteur Outilleur (JEUMONT ELECTRIC) F/H     commune hors Nantes (Pays de la Loire)
29/09 12:55:00    ecartee : Alternant ajusteur outilleur jeumont electric h/f - Car metier d'execution (ajusteur)
29/09 12:55:03    ecartee : Alternant monteur câbleur jeumont electric h/f - Carque metier d'execution (monteur)
29/09 12:55:05    ecartee : Cqpm bobinier jeumont electric h/f - Carquefou - Offre  contrat non alternance
29/09 12:55:07    ecartee : Alternance : technicien.ne de maintenance chaufferies e domaine hors cible
29/09 12:55:09    ecartee : Alternance : alternant.e chargé.e d&#039;études rh (h/f fonction support (rh )
29/09 12:55:11    ecartee : Alternance : alternant.e pilote fonctionnel sirh (h/f)  fonction support (sirh)
29/09 12:55:13    ecartee : Alternance : technicien.ne de maintenance gaz en altern niveau cqpm dans l'intitule
29/09 12:55:15    ecartee : Alternance : technicienne/technicien de maintenance cvc metier d'execution (technicien de maintenance)
29/09 12:55:17    ecartee : Alternance : assistant.e rh en alternance (h/f) détails fonction support (rh )
29/09 12:55:19    ecartee : Alternance : alternant.e - gestionnaire charges sociale domaine hors cible
29/09 12:55:22    ecartee : Alternance : alternant conseiller formation (h/f) détai fonction support (formation)
29/09 12:55:24    RETENUE : Alternance : alternant chargé de missions santé sécurité (h/f) détails du poste | engie - Saint-Étienne-de-Montluc - Offre d&#039;emploi Septembre 2026 - Jobijoba (Engie, )
29/09 12:55:26    ecartee : Alternance : alternant.e gestionnaire administratif rh  fonction support (rh )
29/09 12:55:28    ecartee : Alternance : alternant chargé de communication (h/f) dé fonction support (communication)
29/09 12:55:30    ecartee : Alternance : alternance - bts ati - appui technique che niveau bts dans l'intitule
29/09 12:55:32    ecartee : Alternance : Coffreur Bancheur Alternance F/H           metier d'execution (coffreur)
29/09 12:55:34    ecartee : Alternance assistant chef de chantier - h/f - La Chapel employeur hors perimetre (inconnu)
29/09 12:55:36    ecartee : Alternant tuyauteur f/h - Saint-Nazaire - Offre d&#039; employeur hors perimetre (inconnu)
29/09 12:55:38    ecartee : Alternance ouvrier routier - H/F                        commune trop loin (ancenis)
29/09 12:55:39    ecartee : Alternance ouvrier routier - h/f - Ancenis - Offre d&#0 employeur hors perimetre (inconnu)
29/09 12:55:41    ecartee : Alternance aide chef d'équipe - H/F                     commune trop loin (ancenis)
29/09 12:55:43    ecartee : Alternance aide chef d'équipe - H/F                     commune trop loin (ancenis)
29/09 12:55:45    ecartee : Alternance ouvrier routier - h/f - Ancenis-Saint-Géréon employeur hors perimetre (inconnu)
29/09 12:55:47    ecartee : Alternance ouvrier routier - h/f - Ancenis - Offre d&#0 employeur hors perimetre (inconnu)
29/09 12:55:49    ecartee : Alternance ouvrier routier - h/f - Ancenis-Saint-Géréon employeur hors perimetre (inconnu)
29/09 12:55:51    ecartee : Alternant Mécanicien H/F                                commune trop loin (saint-nazaire)
29/09 12:55:53    ecartee : Alternance aide chef d'équipe - H/F                     commune trop loin (ancenis)
29/09 12:55:55    ecartee : Alternance ouvrier routier - H/F                        commune trop loin (ancenis)
29/09 12:55:57    ecartee : Alternance ouvrier routier - H/F                        commune trop loin (ancenis)
29/09 12:55:59    ecartee : Electromécanicien H/F                                   contrat non alternance
29/09 12:56:01    ecartee : Alternant Tuyauteur H/F                                 commune trop loin (saint-nazaire)
29/09 12:56:03    ecartee : Alternance ouvrier routier - h/f - Ancenis-Saint-Géréon employeur hors perimetre (inconnu)
29/09 12:56:05    ecartee : Alternance aide chef d&#039;équipe - h/f - Ancenis-Sain employeur hors perimetre (inconnu)
29/09 12:56:07    ecartee : Alternance ouvrier routier - h/f - Ancenis-Saint-Géréon employeur hors perimetre (inconnu)
29/09 12:56:09    ecartee : Alternant(e) technicien(ne) sav itinérant h/f - Couëron employeur hors perimetre (inconnu)
29/09 12:56:11    ecartee : Alternant technicien sav itinérant h/f - Couëron - Offr employeur hors perimetre (inconnu)
29/09 12:56:14    ecartee : Alternance - technicien d&#039;études (f/h/x) - Bouguen employeur hors perimetre (inconnu)
29/09 12:56:16    ecartee : Alternance - electricien câbleur (f/h/x) - Bouguenais - employeur hors perimetre (inconnu)
29/09 12:56:18    ecartee : Alternance - chargé d&#039;essais (f/h/x) - Bouguenais  employeur hors perimetre (inconnu)
29/09 12:56:20    ecartee : Acheteur-business analyst h/f - Nantes - Offre d&#039;e employeur hors perimetre (inconnu)
29/09 12:56:22    ecartee : Ajusteur Monteur Aéronautique H/F                       employeur hors perimetre (Adecco)
29/09 12:56:24    ecartee : Futurs Compagnons Aeronautique H/F                      employeur hors perimetre (Adecco)
29/09 12:56:26    ecartee : Ajusteur Monteur H/F                                    employeur hors perimetre (Adecco)
29/09 12:56:28    ecartee : Peintre Etancheur Aéronautique H/F                      employeur hors perimetre (Adecco)
29/09 12:56:30    ecartee : Mécanicien Aéronautique H/F                             employeur hors perimetre (Adecco)
29/09 12:56:32    ecartee : Ajusteur Monteur Aéronautique H/F                       employeur hors perimetre (Adecco)
29/09 12:56:34    ecartee : Alternance : ajusteur monteur (h/f) - Nantes - Offre d& employeur hors perimetre (inconnu)
29/09 12:56:36    ecartee : Alternance bachelor grh - assistante rh et gestionnaire employeur hors perimetre (inconnu)
29/09 12:56:38    ecartee : Alternance : ajusteur monteur aéronautique (h/f) - Mont employeur hors perimetre (inconnu)
29/09 12:56:40    ecartee : Alternance : ajusteur monteur aéronautique (h/f) - Mont employeur hors perimetre (inconnu)
29/09 12:56:41    RETENUE : Alternance : ALTERNANCE - Assistant(e) Gestionnaire d'actifs clients tertiaires (SNCF, Nantes 44100 Pays de la Loire)
29/09 12:56:44    ecartee : Bts ou but génie civil construction durable/travaux pub employeur hors perimetre (inconnu)
29/09 12:56:46    ecartee : Alternance - assistant(e) gestionnaire d&#039;actifs cl employeur hors perimetre (inconnu)
29/09 12:56:48    ecartee : Alternance - assistant(e) gestionnaire d&#039;actifs cl employeur hors perimetre (inconnu)
29/09 12:56:50    ecartee : Bts ou but génie civil construction durable/travaux pub employeur hors perimetre (inconnu)
29/09 12:56:52    ecartee : Télépilote de drones                                    employeur hors perimetre (Armée De Terre)
29/09 12:56:55    ecartee : Alternant Soudeur - Ecole des Chantiers de l'Atlantique employeur hors perimetre (Chantiers De L&apos;Atlantique)
29/09 12:56:57    ecartee : Alternance Stage Assistant(e) RH - Chargé(e) de recrute employeur hors perimetre (Openclassrooms)
29/09 12:56:59    ecartee : Portzamparc- Alternance Chef de Projet Marketing à Nant employeur hors perimetre (Bnp Paribas)
29/09 12:57:02    ecartee : Portzamparc-alternance -assistant gérant - analyste à n employeur hors perimetre (inconnu)
29/09 12:57:06    ecartee : Portzamparc- Alternance Chef de Projet (H/F) Marketing  employeur hors perimetre (Bnp Paribas)
29/09 12:57:09    ecartee : Portzamparc-Alternance -Assistant Gérant/Analyste (H/F) employeur hors perimetre (Bnp Paribas)
29/09 12:57:12    ecartee : Alternance bachelor rh - assistant(e) rh formation et d employeur hors perimetre (inconnu)
29/09 12:57:14    ecartee : Alternance : ALTERNANCE - MASTER 2 QSE - Appui manager  employeur hors perimetre (Stage)
29/09 12:57:17    ecartee : Alternance : portzamparc-alternance -assistant gérant/a employeur hors perimetre (inconnu)
29/09 12:57:19    ecartee : Portzamparc- alternance chef de projet (h/f) marketing  employeur hors perimetre (inconnu)
29/09 12:57:21    ecartee : Alternance - assistant commercial (h/f) - Saint-Étienne employeur hors perimetre (inconnu)
29/09 12:57:23    ecartee : Alternance : alternant conseiller formation (h/f) détai fonction support (formation)
29/09 12:57:27    ecartee : Alternance : alternant chargé de communication (h/f) dé fonction support (communication)
29/09 12:57:29    ecartee : Alternance : alternance - bts ati - appui technique che niveau bts dans l'intitule
29/09 12:57:31    ecartee : Alternant Monteur Câbleur (Jeumont Electric) F/H        commune hors Nantes (Pays de la Loire)
29/09 12:57:33    ecartee : Alternant Ajusteur Outilleur (JEUMONT ELECTRIC) F/H     commune hors Nantes (Pays de la Loire)
29/09 12:57:35    ecartee : Alternance : Alternant(e) Systèmes d’Information & Digi fonction support (formation)
29/09 12:57:37    ecartee : Alternant(e) systèmes d&#039;information &amp; digital  employeur hors perimetre (inconnu)
29/09 12:57:39    ecartee : Alternant(e) Systèmes d’Information & Digital (H/F)     fonction support (formation)
29/09 12:57:41    ecartee : Alternance Commercial B2B H/F                           fonction support (commercial)
29/09 12:57:43    ecartee : Alternance Commercial B2B H/F                           fonction support (commercial)
29/09 12:57:45    ecartee : Alternance : Alternance Commercial B2B H/F              fonction support (commercial)
29/09 12:57:47    ecartee : Alternance commercial b2b h/f - Nantes - Offre d&#039;e employeur hors perimetre (inconnu)
29/09 12:57:50  Mail envoye a marinprioux@gmail.com

29/09 13:16:30  Lecture des pages de liste
29/09 13:16:34    SPIE                           9 annonces  (Loire-atlantique)
29/09 13:16:36    SPIE                           0 annonces  (Nantes)
29/09 13:16:39    VINCI                         16 annonces  (Loire-atlantique)
29/09 13:16:42    VINCI                         14 annonces  (Nantes)
29/09 13:16:44    EDF                            5 annonces  (Loire-atlantique)
29/09 13:16:47    EDF                            0 annonces  (Nantes)
29/09 13:16:50    Engie                         12 annonces  (Loire-atlantique)
29/09 13:16:52    Engie                          6 annonces  (Nantes)
29/09 13:16:55    Eiffage                       19 annonces  (Loire-atlantique)
29/09 13:16:57    Eiffage                        0 annonces  (Nantes)
29/09 13:16:59    Bouygues                       6 annonces  (Loire-atlantique)
29/09 13:17:02    Bouygues                       1 annonces  (Nantes)
29/09 13:17:04    Airbus                        10 annonces  (Loire-atlantique)
29/09 13:17:07    Airbus                         1 annonces  (Nantes)
29/09 13:17:10    SNCF                          16 annonces  (Loire-atlantique)
29/09 13:17:12    SNCF                          14 annonces  (Nantes)
29/09 13:17:17    GRDF                           5 annonces  (Loire-atlantique)
29/09 13:17:19    GRDF                           0 annonces  (Nantes)
29/09 13:17:22    NaTran                         0 annonces  (Loire-atlantique)
29/09 13:17:28    NaTran                         0 annonces  (Nantes)
29/09 13:17:31    RTE                            0 annonces  (Loire-atlantique)
29/09 13:17:33    RTE                            0 annonces  (Nantes)
29/09 13:17:35    Naval Group                    2 annonces  (Loire-atlantique)
29/09 13:17:37    Naval Group                    0 annonces  (Nantes)
29/09 13:17:40    Veolia                         3 annonces  (Loire-atlantique)
29/09 13:17:42    Veolia                         3 annonces  (Nantes)
29/09 13:17:47    Suez                           4 annonces  (Loire-atlantique)
29/09 13:17:50    Suez                           4 annonces  (Nantes)
29/09 13:17:50  0 annonces jamais vues
29/09 13:17:50  Rien de neuf et un mail est parti il y a moins de sept jours : pas d'envoi.

29/09 13:20:19  Lecture des pages de liste
29/09 13:20:23    SPIE                           9 annonces  (Loire-atlantique)
29/09 13:20:25    SPIE                           0 annonces  (Nantes)
29/09 13:20:27    VINCI                         16 annonces  (Loire-atlantique)
29/09 13:20:29    VINCI                         14 annonces  (Nantes)
29/09 13:20:31    EDF                            5 annonces  (Loire-atlantique)
29/09 13:20:33    EDF                            0 annonces  (Nantes)
29/09 13:20:34    Engie                         12 annonces  (Loire-atlantique)
29/09 13:20:36    Engie                          6 annonces  (Nantes)
29/09 13:20:38    Eiffage                       19 annonces  (Loire-atlantique)
29/09 13:20:40    Eiffage                        0 annonces  (Nantes)
29/09 13:20:42    Bouygues                       6 annonces  (Loire-atlantique)
29/09 13:20:44    Bouygues                       1 annonces  (Nantes)
29/09 13:20:45    Airbus                        10 annonces  (Loire-atlantique)
29/09 13:20:47    Airbus                         1 annonces  (Nantes)
29/09 13:20:49    SNCF                          16 annonces  (Loire-atlantique)
29/09 13:20:51    SNCF                          14 annonces  (Nantes)
29/09 13:20:53    GRDF                           5 annonces  (Loire-atlantique)
29/09 13:20:55    GRDF                           0 annonces  (Nantes)
29/09 13:20:56    NaTran                         0 annonces  (Loire-atlantique)
29/09 13:20:58    NaTran                         0 annonces  (Nantes)
29/09 13:21:00    RTE                            0 annonces  (Loire-atlantique)
29/09 13:21:02    RTE                            0 annonces  (Nantes)
29/09 13:21:04    Naval Group                    2 annonces  (Loire-atlantique)
29/09 13:21:07    Naval Group                    0 annonces  (Nantes)
29/09 13:21:10    Veolia                         3 annonces  (Loire-atlantique)
29/09 13:21:12    Veolia                         3 annonces  (Nantes)
29/09 13:21:14    Suez                           4 annonces  (Loire-atlantique)
29/09 13:21:16    Suez                           4 annonces  (Nantes)
29/09 13:21:16  0 annonces jamais vues
29/09 13:21:16  Rien de neuf et un mail est parti il y a moins de sept jours : pas d'envoi.

29/09 13:22:40  Lecture des pages de liste
29/09 13:22:46    SPIE                           9 annonces  (Loire-atlantique)
29/09 13:22:58    SPIE                           0 annonces  (Nantes)
29/09 13:23:00    VINCI                         16 annonces  (Loire-atlantique)
29/09 13:23:03    VINCI                         14 annonces  (Nantes)
29/09 13:23:05    EDF                            5 annonces  (Loire-atlantique)
29/09 13:23:09    EDF                            0 annonces  (Nantes)
29/09 13:23:11    Engie                         12 annonces  (Loire-atlantique)
29/09 13:23:13    Engie                          6 annonces  (Nantes)
29/09 13:23:15    Eiffage                       19 annonces  (Loire-atlantique)
29/09 13:23:17    Eiffage                        0 annonces  (Nantes)
29/09 13:23:19    Bouygues                       6 annonces  (Loire-atlantique)
29/09 13:23:22    Bouygues                       1 annonces  (Nantes)
29/09 13:23:23    Airbus                        10 annonces  (Loire-atlantique)
29/09 13:23:25    Airbus                         1 annonces  (Nantes)
29/09 13:23:27    SNCF                          16 annonces  (Loire-atlantique)
29/09 13:23:29    SNCF                          14 annonces  (Nantes)
29/09 13:23:31    GRDF                           5 annonces  (Loire-atlantique)
29/09 13:23:33    GRDF                           0 annonces  (Nantes)
29/09 13:23:35    NaTran                         0 annonces  (Loire-atlantique)
29/09 13:23:37    NaTran                         0 annonces  (Nantes)
29/09 13:23:39    RTE                            0 annonces  (Loire-atlantique)
29/09 13:23:41    RTE                            0 annonces  (Nantes)
29/09 13:23:42    Naval Group                    2 annonces  (Loire-atlantique)
29/09 13:23:44    Naval Group                    0 annonces  (Nantes)
29/09 13:23:46    Veolia                         3 annonces  (Loire-atlantique)
29/09 13:23:48    Veolia                         3 annonces  (Nantes)
29/09 13:23:50    Suez                           4 annonces  (Loire-atlantique)
29/09 13:23:52    Suez                           4 annonces  (Nantes)
29/09 13:23:52  107 annonces jamais vues
29/09 13:23:54    ecartee : Alternant Conducteur de travaux (44) H/F                niveau but 
29/09 13:23:56    ecartee : Electricien / Electricienne d'équipement (H/F)          metier d'execution (electricien)
29/09 13:23:58    ecartee : Technicien spécialisé / Technicienne spécialisée CVC (H metier d'execution (technicien)
29/09 13:24:00    ecartee : Alternant Contrôle de Gestion H/F                       employeur hors perimetre (Spie Batignolles)
29/09 13:24:02    RETENUE : Ingénieur d'affaires (H/F) (SPIE THEPAULT, Saint-Herblain 44800 Pays de la Loire)
29/09 13:24:04    ecartee : Alternance - Negociateur Télécom H/F                    annonce de plus de 30 jours (2026-07-27)
29/09 13:24:06    ecartee : Alternance - Ingénieur Travaux Télécom H/F              annonce de plus de 30 jours (2026-07-27)
29/09 13:24:10    ecartee : Alternance - negociateur télécom h/f - Saint-Herblain   date introuvable
29/09 13:24:12    ecartee : Alternance - ingénieur travaux télécom h/f - Saint-Herb date introuvable
29/09 13:24:16    ecartee : Agent d'exploitation F/H                                commune trop loin (ancenis)
29/09 13:24:18    ecartee : Coffreur brancheur / Coffreuse brancheuse BBE (H/F)     metier d'execution (coffreur)
29/09 13:24:20    ecartee : Alternance Bac+3Développeur - Technicien Support Réseau employeur hors perimetre (Sup De Vinci Nantes)
29/09 13:24:23    ecartee : Alternance - Développeur Full Stack - Bac+4 - +5 H/F    employeur hors perimetre (Sup De Vinci Nantes)
29/09 13:24:25    ecartee : Technicien Applications - Alternance Bac+3 H/F          employeur hors perimetre (Sup De Vinci Nantes)
29/09 13:24:27    ecartee : Alternance - Chef de Projet IT - Bac+4 - +5 H/F         employeur hors perimetre (Sup De Vinci Nantes)
29/09 13:24:29    ecartee : Alternance - DevOps Junior - Bac+4 - +5 H/F             employeur hors perimetre (Sup De Vinci Nantes)
29/09 13:24:31    ecartee : Alternant Cybersécurité - Bac+4 - +5 H/F                employeur hors perimetre (Sup De Vinci Nantes)
29/09 13:24:33    ecartee : Alternance - Data Engineer - Bac+4 - +5 H/F             employeur hors perimetre (Sup De Vinci Nantes)
29/09 13:24:35    ecartee : Alternance - Développement d'Applications Métiers et IA employeur hors perimetre (Sup De Vinci Nantes)
29/09 13:24:37    ecartee : Coffreur bancheur en formation F/H                      annonce de plus de 30 jours (2026-08-26)
29/09 13:24:39    ecartee : Chargé de communication option graphisme en alternance  date introuvable
29/09 13:24:41    ecartee : Alternance - automaticien smart building f/h - Nantes   date introuvable
29/09 13:24:43    ecartee : Alternance - étude de prix f/h - Nantes                 date introuvable
29/09 13:24:45    ecartee : Technicien de maintenance en alternance (nantes) f/h -  date introuvable
29/09 13:24:47    ecartee : Alternant maçon f/h - Nantes                            date introuvable
29/09 13:24:49    ecartee : Alternant Monteur Câbleur (Jeumont Electric) F/H        commune hors Nantes (Pays de la Loire)
29/09 13:24:51    ecartee : Alternant Ajusteur Outilleur (JEUMONT ELECTRIC) F/H     commune hors Nantes (Pays de la Loire)
29/09 13:24:53    ecartee : Alternant ajusteur outilleur jeumont electric h/f - Car date introuvable
29/09 13:24:55    ecartee : Alternant monteur câbleur jeumont electric h/f - Carque date introuvable
29/09 13:24:57    ecartee : Cqpm bobinier jeumont electric h/f - Carquefou          contrat non alternance
29/09 13:24:59    ecartee : Alternance : technicien.ne de maintenance chaufferies e date introuvable
29/09 13:25:01    ecartee : Alternance : alternant.e chargé.e d'études rh (h/f)     date introuvable
29/09 13:25:03    ecartee : Alternance : alternant.e pilote fonctionnel sirh (h/f)  date introuvable
29/09 13:25:05    ecartee : Alternance : technicien.ne de maintenance gaz en altern date introuvable
29/09 13:25:07    ecartee : Alternance : technicienne/technicien de maintenance cvc date introuvable
29/09 13:25:09    ecartee : Alternance : assistant.e rh en alternance (h/f)         date introuvable
29/09 13:25:11    ecartee : Alternance : alternant.e - gestionnaire charges sociale date introuvable
29/09 13:25:14    ecartee : Alternance : alternant conseiller formation (h/f)       date introuvable
29/09 13:25:16    ecartee : Alternance : alternant chargé de missions santé sécurit date introuvable
29/09 13:25:18    ecartee : Alternance : alternant.e gestionnaire administratif rh  date introuvable
29/09 13:25:20    ecartee : Alternance : alternant chargé de communication (h/f)    date introuvable
29/09 13:25:24    ecartee : Alternance : alternance - bts ati - appui technique che date introuvable
29/09 13:25:27    ecartee : Alternance : Coffreur Bancheur Alternance F/H           metier d'execution (coffreur)
29/09 13:25:30    ecartee : Alternance assistant chef de chantier - h/f - La Chapel date introuvable
29/09 13:25:32    ecartee : Alternant tuyauteur f/h - Saint-Nazaire                 commune trop loin (saint-nazaire)
29/09 13:25:34    ecartee : Alternance ouvrier routier - H/F                        commune trop loin (ancenis)
29/09 13:25:36    ecartee : Alternance ouvrier routier - h/f - Ancenis              commune trop loin (ancenis)
29/09 13:25:38    ecartee : Alternance aide chef d'équipe - H/F                     commune trop loin (ancenis)
29/09 13:25:40    ecartee : Alternance aide chef d'équipe - H/F                     commune trop loin (ancenis)
29/09 13:25:42    ecartee : Alternance ouvrier routier - h/f - Ancenis-Saint-Géréon commune trop loin (ancenis)
29/09 13:25:44    ecartee : Alternance ouvrier routier - h/f - Ancenis              commune trop loin (ancenis)
29/09 13:25:46    ecartee : Alternance ouvrier routier - h/f - Ancenis-Saint-Géréon commune trop loin (ancenis)
29/09 13:25:48    ecartee : Alternant Mécanicien H/F                                commune trop loin (saint-nazaire)
29/09 13:25:50    ecartee : Alternance aide chef d'équipe - H/F                     commune trop loin (ancenis)
29/09 13:25:52    ecartee : Alternance ouvrier routier - H/F                        commune trop loin (ancenis)
29/09 13:25:54    ecartee : Alternance ouvrier routier - H/F                        commune trop loin (ancenis)
29/09 13:25:56    ecartee : Electromécanicien H/F                                   contrat non alternance
29/09 13:25:59    ecartee : Alternant Tuyauteur H/F                                 commune trop loin (saint-nazaire)
29/09 13:26:02    ecartee : Alternance ouvrier routier - h/f - Ancenis-Saint-Géréon commune trop loin (ancenis)
29/09 13:26:04    ecartee : Alternance aide chef d'équipe - h/f - Ancenis-Saint-Gér commune trop loin (ancenis)
29/09 13:26:06    ecartee : Alternance ouvrier routier - h/f - Ancenis-Saint-Géréon commune trop loin (ancenis)
29/09 13:26:08    ecartee : Alternant(e) technicien(ne) sav itinérant h/f - Couëron metier d'execution (technicien)
29/09 13:26:11    ecartee : Alternant technicien sav itinérant h/f - Couëron        date introuvable
29/09 13:26:13    ecartee : Alternance - technicien d'études (f/h/x) - Bouguenais   date introuvable
29/09 13:26:15    ecartee : Alternance - electricien câbleur (f/h/x) - Bouguenais   date introuvable
29/09 13:26:17    ecartee : Alternance - chargé d'essais (f/h/x) - Bouguenais       date introuvable
29/09 13:26:20    ecartee : Acheteur-business analyst h/f - Nantes                  contrat non alternance
29/09 13:26:22    ecartee : Ajusteur Monteur Aéronautique H/F                       employeur hors perimetre (Adecco)
29/09 13:26:24    ecartee : Futurs Compagnons Aeronautique H/F                      employeur hors perimetre (Adecco)
29/09 13:26:26    ecartee : Ajusteur Monteur H/F                                    employeur hors perimetre (Adecco)
29/09 13:26:28    ecartee : Peintre Etancheur Aéronautique H/F                      employeur hors perimetre (Adecco)
29/09 13:26:30    ecartee : Mécanicien Aéronautique H/F                             employeur hors perimetre (Adecco)
29/09 13:26:32    ecartee : Ajusteur Monteur Aéronautique H/F                       employeur hors perimetre (Adecco)
29/09 13:26:34    ecartee : Alternance : ajusteur monteur (h/f) - Nantes            employeur hors perimetre (inconnu)
29/09 13:26:36    ecartee : Alternance bachelor grh - assistante rh et gestionnaire employeur hors perimetre (inconnu)
29/09 13:26:38    ecartee : Alternance : ajusteur monteur aéronautique (h/f) - Mont employeur hors perimetre (inconnu)
29/09 13:26:40    ecartee : Alternance : ajusteur monteur aéronautique (h/f) - Mont employeur hors perimetre (inconnu)
29/09 13:26:41    ecartee : Alternance : ALTERNANCE - Assistant(e) Gestionnaire d'a fonction support (assistant)
29/09 13:26:43    ecartee : Bts ou but génie civil construction durable/travaux pub contrat non alternance
29/09 13:26:45    ecartee : Alternance - assistant(e) gestionnaire d'actifs clients date introuvable
29/09 13:26:47    ecartee : Alternance - assistant(e) gestionnaire d'actifs clients date introuvable
29/09 13:26:49    ecartee : Bts ou but génie civil construction durable/travaux pub contrat non alternance
29/09 13:26:51    ecartee : Télépilote de drones                                    employeur hors perimetre (Armée De Terre)
29/09 13:26:53    ecartee : Alternant Soudeur - Ecole des Chantiers de l'Atlantique employeur hors perimetre (Chantiers De L&apos;Atlantique)
29/09 13:26:55    ecartee : Alternance Stage Assistant(e) RH - Chargé(e) de recrute employeur hors perimetre (Openclassrooms)
29/09 13:26:57    ecartee : Portzamparc- Alternance Chef de Projet Marketing à Nant employeur hors perimetre (Bnp Paribas)
29/09 13:26:59    ecartee : Portzamparc-alternance -assistant gérant - analyste à n employeur hors perimetre (inconnu)
29/09 13:27:01    ecartee : Portzamparc- Alternance Chef de Projet (H/F) Marketing  employeur hors perimetre (Bnp Paribas)
29/09 13:27:04    ecartee : Portzamparc-Alternance -Assistant Gérant/Analyste (H/F) employeur hors perimetre (Bnp Paribas)
29/09 13:27:06    ecartee : Alternance bachelor rh - assistant(e) rh formation et d employeur hors perimetre (inconnu)
29/09 13:27:10    ecartee : Alternance : ALTERNANCE - MASTER 2 QSE - Appui manager  employeur hors perimetre (Stage)
29/09 13:27:13    ecartee : Alternance : portzamparc-alternance -assistant gérant/a employeur hors perimetre (inconnu)
29/09 13:27:15    ecartee : Portzamparc- alternance chef de projet (h/f) marketing  employeur hors perimetre (inconnu)
29/09 13:27:16    ecartee : Alternance - assistant commercial (h/f) - Saint-Étienne date introuvable
29/09 13:27:18    ecartee : Alternance : alternant conseiller formation (h/f)       date introuvable
29/09 13:27:20    ecartee : Alternance : alternant chargé de missions santé sécurit date introuvable
29/09 13:27:22    ecartee : Alternance : alternant chargé de communication (h/f)    date introuvable
29/09 13:27:24    ecartee : Alternance : alternance - bts ati - appui technique che date introuvable
29/09 13:27:26    ecartee : Alternant Monteur Câbleur (Jeumont Electric) F/H        commune hors Nantes (Pays de la Loire)
29/09 13:27:28    ecartee : Alternant Ajusteur Outilleur (JEUMONT ELECTRIC) F/H     commune hors Nantes (Pays de la Loire)
29/09 13:27:30    ecartee : Alternance : Alternant(e) Systèmes d’Information & Digi fonction support (formation)
29/09 13:27:32    ecartee : Alternant(e) systèmes d'information & digital (h/f) - N date introuvable
29/09 13:27:34    ecartee : Alternant(e) Systèmes d’Information & Digital (H/F)     fonction support (formation)
29/09 13:27:36    ecartee : Alternance Commercial B2B H/F                           fonction support (commercial)
29/09 13:27:38    ecartee : Alternance Commercial B2B H/F                           fonction support (commercial)
29/09 13:27:40    ecartee : Alternance : Alternance Commercial B2B H/F              fonction support (commercial)
29/09 13:27:42    ecartee : Alternance commercial b2b h/f - Nantes                  date introuvable
29/09 13:27:44  Mail envoye a marinprioux@gmail.com

29/09 13:31:52  Lecture des pages de liste
29/09 13:31:56    SPIE                           9 annonces  (Loire-atlantique)
29/09 13:31:58    SPIE                           0 annonces  (Nantes)
29/09 13:32:01    VINCI                         16 annonces  (Loire-atlantique)
29/09 13:32:05    VINCI                         14 annonces  (Nantes)
29/09 13:32:08    EDF                            5 annonces  (Loire-atlantique)
29/09 13:32:11    EDF                            0 annonces  (Nantes)
29/09 13:32:13    Engie                         12 annonces  (Loire-atlantique)
29/09 13:32:16    Engie                          6 annonces  (Nantes)
29/09 13:32:19    Eiffage                       19 annonces  (Loire-atlantique)
29/09 13:32:22    Eiffage                        0 annonces  (Nantes)
29/09 13:32:24    Bouygues                       6 annonces  (Loire-atlantique)
29/09 13:32:26    Bouygues                       1 annonces  (Nantes)
29/09 13:32:29    Airbus                        10 annonces  (Loire-atlantique)
29/09 13:32:30    Airbus                         1 annonces  (Nantes)
29/09 13:32:33    SNCF                          16 annonces  (Loire-atlantique)
29/09 13:32:35    SNCF                          14 annonces  (Nantes)
29/09 13:32:37    GRDF                           5 annonces  (Loire-atlantique)
29/09 13:32:39    GRDF                           0 annonces  (Nantes)
29/09 13:32:41    NaTran                         0 annonces  (Loire-atlantique)
29/09 13:32:43    NaTran                         0 annonces  (Nantes)
29/09 13:32:45    RTE                            0 annonces  (Loire-atlantique)
29/09 13:32:47    RTE                            0 annonces  (Nantes)
29/09 13:32:49    Naval Group                    2 annonces  (Loire-atlantique)
29/09 13:32:51    Naval Group                    0 annonces  (Nantes)
29/09 13:32:54    Veolia                         3 annonces  (Loire-atlantique)
29/09 13:32:56    Veolia                         3 annonces  (Nantes)
29/09 13:32:59    Suez                           4 annonces  (Loire-atlantique)
29/09 13:33:01    Suez                           4 annonces  (Nantes)
29/09 13:33:01  0 annonces jamais vues
29/09 13:33:01  Lancement a la main : le mail part meme s'il n'y a rien de neuf.
29/09 13:33:02  Mail envoye a marinprioux@gmail.com

01/10 12:06:57  Lecture des pages de liste
01/10 12:07:00    SPIE                          10 annonces  (Loire-atlantique)
01/10 12:07:02    SPIE                           0 annonces  (Nantes)
01/10 12:07:04    VINCI                         17 annonces  (Loire-atlantique)
01/10 12:07:07    VINCI                         15 annonces  (Nantes)
01/10 12:07:09    EDF                            5 annonces  (Loire-atlantique)
01/10 12:07:11    EDF                            0 annonces  (Nantes)
01/10 12:07:13    Engie                         13 annonces  (Loire-atlantique)
01/10 12:07:15    Engie                          6 annonces  (Nantes)
01/10 12:07:17    Eiffage                       16 annonces  (Loire-atlantique)
01/10 12:07:18    Eiffage                        0 annonces  (Nantes)
01/10 12:07:20    Bouygues                       6 annonces  (Loire-atlantique)
01/10 12:07:22    Bouygues                       1 annonces  (Nantes)
01/10 12:07:24    Airbus                        12 annonces  (Loire-atlantique)
01/10 12:07:26    Airbus                         1 annonces  (Nantes)
01/10 12:07:28    SNCF                           9 annonces  (Loire-atlantique)
01/10 12:07:30    SNCF                           7 annonces  (Nantes)
01/10 12:07:32    GRDF                           5 annonces  (Loire-atlantique)
01/10 12:07:34    GRDF                           0 annonces  (Nantes)
01/10 12:07:36    NaTran                         0 annonces  (Loire-atlantique)
01/10 12:07:38    NaTran                         0 annonces  (Nantes)
01/10 12:07:40    RTE                            0 annonces  (Loire-atlantique)
01/10 12:07:42    RTE                            0 annonces  (Nantes)
01/10 12:07:44    Naval Group                    2 annonces  (Loire-atlantique)
01/10 12:07:46    Naval Group                    0 annonces  (Nantes)
01/10 12:07:48    Veolia                         3 annonces  (Loire-atlantique)
01/10 12:07:50    Veolia                         3 annonces  (Nantes)
01/10 12:07:52    Suez                           4 annonces  (Loire-atlantique)
01/10 12:07:54    Suez                           4 annonces  (Nantes)
01/10 12:07:54  8 annonces jamais vues
01/10 12:07:56    ecartee : Alternant - Technicien de Maintenance CVC - Nantes 44 H metier d'execution (technicien de maintenance)
01/10 12:07:57    ecartee : Chef De Projet It H/F – Alternance Nantes - €486,5 - €1 employeur hors perimetre (CFA Sup de Vinci)
01/10 12:07:59    ecartee : Alternance - Assistant Commercial H/F                   fonction support (commercial)
01/10 12:08:01    ecartee : Alternance Aide Chef D'Équipe - H/F                     commune trop loin (ancenis)
01/10 12:08:04    ecartee : Câbleur Aéronautique H/F                                employeur hors perimetre (Adecco)
01/10 12:08:06    ecartee : Ajusteur Monteur Aéronautique H/F                       employeur hors perimetre (Adecco)
01/10 12:08:08    RETENUE : Alternant(e) Ingénieur Méthode & Support maintenance - Outils de Pesage (H/F) (Veolia RVD - Siège &amp; CSM, Nantes 44100 Pays de la Loire)
01/10 12:08:10    ecartee : Alternant(e) ingénieur méthode & support maintenance -  date introuvable
01/10 12:08:12  Mail envoye a marinprioux@gmail.com

03/10 10:50:55  Lecture des pages de liste
03/10 10:51:01    SPIE                          13 annonces  (Loire-atlantique)
03/10 10:51:03    SPIE                           0 annonces  (Nantes)
03/10 10:51:07    VINCI                         17 annonces  (Loire-atlantique)
03/10 10:51:09    VINCI                         16 annonces  (Nantes)
03/10 10:51:12    EDF                            4 annonces  (Loire-atlantique)
03/10 10:51:14    EDF                            0 annonces  (Nantes)
03/10 10:51:16    Engie                         13 annonces  (Loire-atlantique)
03/10 10:51:19    Engie                          6 annonces  (Nantes)
03/10 10:51:21    Eiffage                       29 annonces  (Loire-atlantique)
03/10 10:51:23    Eiffage                        0 annonces  (Nantes)
03/10 10:51:25    Bouygues                       7 annonces  (Loire-atlantique)
03/10 10:51:27    Bouygues                       1 annonces  (Nantes)
03/10 10:51:30    Airbus                        13 annonces  (Loire-atlantique)
03/10 10:51:32    Airbus                         1 annonces  (Nantes)
03/10 10:51:34    SNCF                           6 annonces  (Loire-atlantique)
03/10 10:51:37    SNCF                           3 annonces  (Nantes)
03/10 10:51:39    GRDF                           5 annonces  (Loire-atlantique)
03/10 10:51:41    GRDF                           0 annonces  (Nantes)
03/10 10:51:43    NaTran                         0 annonces  (Loire-atlantique)
03/10 10:51:45    NaTran                         0 annonces  (Nantes)
03/10 10:51:48    RTE                            0 annonces  (Loire-atlantique)
03/10 10:51:51    RTE                            0 annonces  (Nantes)
03/10 10:51:53    Naval Group                    1 annonces  (Loire-atlantique)
03/10 10:51:55    Naval Group                    0 annonces  (Nantes)
03/10 10:51:57    Veolia                         3 annonces  (Loire-atlantique)
03/10 10:52:00    Veolia                         3 annonces  (Nantes)
03/10 10:52:02    Suez                           4 annonces  (Loire-atlantique)
03/10 10:52:05    Suez                           4 annonces  (Nantes)
03/10 10:52:05  23 annonces jamais vues
03/10 10:52:07    ecartee : Alternant(e) - technicien de maintenance cvc - nantes ( date introuvable
03/10 10:52:09    ecartee : Alternant(e) - technicien de maintenance cvc - nantes ( date introuvable
03/10 10:52:11    ecartee : STAGE/PFE chargé de prospection RH - NANTES (44)/ ANGER contrat non alternance
03/10 10:52:13    ecartee : STAGE/PFE chargé de prospection RH - NANTES (44)/ ANGER contrat non alternance
03/10 10:52:15    ecartee : Chef De Projet It H/F – Alternance Nantes - €486,5 - €1 employeur hors perimetre (CFA Sup de Vinci)
03/10 10:52:17    ecartee : Alternance aide chef d'équipe - H/F                     commune hors Nantes (Varades 44370 Pays de la Loire)
03/10 10:52:19    ecartee : Alternance ouvrier routier - H/F                        commune hors Nantes (Varades 44370 Pays de la Loire)
03/10 10:52:22    ecartee : Alternance ouvrier routier - H/F                        commune trop loin (ancenis)
03/10 10:52:24    ecartee : Alternance Ouvrier Routier - H/F                        commune trop loin (ancenis)
03/10 10:52:26    ecartee : Alternance aide chef d'équipe - H/F                     commune trop loin (ancenis)
03/10 10:52:28    ecartee : Alternance aide chef d'équipe - H/F                     commune trop loin (ancenis)
03/10 10:52:30    ecartee : Alternance Ouvrier Routier - H/F                        commune trop loin (ancenis)
03/10 10:52:31    ecartee : Alternance Aide Chef D'Équipe - H/F                     commune trop loin (ancenis)
03/10 10:52:33    ecartee : Alternance Aide Chef D'Équipe - H/F                     commune hors Nantes (Pays de la Loire)
03/10 10:52:35    ecartee : Alternance Aide Chef D'Équipe - H/F                     commune trop loin (ancenis)
03/10 10:52:37    ecartee : Alternance Ouvrier Routier - H/F                        commune trop loin (ancenis)
03/10 10:52:39    ecartee : Alternance Ouvrier Routier - H/F                        commune hors Nantes (Pays de la Loire)
03/10 10:52:41    ecartee : Alternance Ouvrier Routier - H/F                        commune trop loin (ancenis)
03/10 10:52:43    ecartee : Alternant(e) Technicien(ne) SAV Itinérant H/F           employeur hors perimetre (Dycom Industries, Inc.)
03/10 10:52:45    ecartee : Ajusteur-monteur / Ajusteuse-monteuse aéronautique (H/F employeur hors perimetre (Manpower)
03/10 10:52:47    ecartee : Ajusteur et Métiers Aéro - Manpower on Board H/F        employeur hors perimetre (Manpower)
03/10 10:52:49    ecartee : Stage Assistant(e) RH - Chargé(e) de recrutement junior employeur hors perimetre (Chantiers De L&apos;Atlantique)
03/10 10:52:51    RETENUE : Alternance : Alternant(e) Ingénieur Méthode & Support maintenance - Outils de Pesage (H/F) (Veolia Environnement, Nantes 44100 Pays de la Loire)
03/10 10:52:54  Mail envoye a marinprioux@gmail.com

05/10 13:07:07  Lecture des pages de liste
05/10 13:07:11    SPIE                          13 annonces  (Loire-atlantique)
05/10 13:07:14    SPIE                           0 annonces  (Nantes)
05/10 13:07:16    VINCI                         15 annonces  (Loire-atlantique)
05/10 13:07:18    VINCI                         14 annonces  (Nantes)
05/10 13:07:20    EDF                            5 annonces  (Loire-atlantique)
05/10 13:07:23    EDF                            0 annonces  (Nantes)
05/10 13:07:25    Engie                         12 annonces  (Loire-atlantique)
05/10 13:07:28    Engie                          6 annonces  (Nantes)
05/10 13:07:31    Eiffage                       24 annonces  (Loire-atlantique)
05/10 13:07:33    Eiffage                        0 annonces  (Nantes)
05/10 13:07:35    Bouygues                       7 annonces  (Loire-atlantique)
05/10 13:07:37    Bouygues                       1 annonces  (Nantes)
05/10 13:07:39    Airbus                        12 annonces  (Loire-atlantique)
05/10 13:07:41    Airbus                         1 annonces  (Nantes)
05/10 13:07:44    SNCF                           5 annonces  (Loire-atlantique)
05/10 13:07:46    SNCF                           3 annonces  (Nantes)
05/10 13:07:48    GRDF                           5 annonces  (Loire-atlantique)
05/10 13:07:50    GRDF                           0 annonces  (Nantes)
05/10 13:07:52    NaTran                         0 annonces  (Loire-atlantique)
05/10 13:07:54    NaTran                         0 annonces  (Nantes)
05/10 13:07:57    RTE                            0 annonces  (Loire-atlantique)
05/10 13:07:59    RTE                            0 annonces  (Nantes)
05/10 13:08:01    Naval Group                    2 annonces  (Loire-atlantique)
05/10 13:08:03    Naval Group                    0 annonces  (Nantes)
05/10 13:08:06    Veolia                         3 annonces  (Loire-atlantique)
05/10 13:08:09    Veolia                         3 annonces  (Nantes)
05/10 13:08:13    Suez                           4 annonces  (Loire-atlantique)
05/10 13:08:15    Suez                           4 annonces  (Nantes)
05/10 13:08:15  9 annonces jamais vues
05/10 13:08:17    ecartee : Alternant(e) - Technicien de Maintenance CVC - Nantes ( metier d'execution (technicien de maintenance)
05/10 13:08:20    ecartee : Alternant ajusteur outilleur jeumont electric h/f - Car date introuvable
05/10 13:08:22    ecartee : Alternant monteur câbleur jeumont electric h/f - Carque date introuvable
05/10 13:08:24    ecartee : Cqpm bobinier jeumont electric h/f - Carquefou          contrat non alternance
05/10 13:08:26    ecartee : Alternance aide chef d'équipe - H/F                     commune trop loin (ancenis)
05/10 13:08:27    ecartee : Alternance ouvrier routier - h/f - Ancenis              commune trop loin (ancenis)
05/10 13:08:29    ecartee : Alternance ouvrier routier - H/F                        commune trop loin (ancenis)
05/10 13:08:31    ecartee : Alternance ouvrier routier - H/F                        commune trop loin (ancenis)
05/10 13:08:33    ecartee : Alternance Ouvrier Routier - H/F                        commune trop loin (ancenis)
05/10 13:08:33  MAIL NON ENVOYE : rien de neuf, et un mail est deja parti il y a 2 jour(s) (regle des sept jours).
05/10 13:08:33  Pour recevoir quand meme un mail, relance le workflow a la main : un lancement manuel force l'envoi.

